Successfully loaded 161 items.
Successfully loaded 161 items.
Successfully loaded 161 items.
Successfully loaded 161 items.
Successfully loaded 161 items.
Successfully loaded 161 items.
